
> crittertrack-frontend-app@0.1.0 build
> react-scripts build

node.exe : (node:16260) [DEP0176] DeprecationWarning: fs.F_OK is deprecated, use fs.constants.F_OK instead
At line:1 char:1
+ & "C:\Program Files\nodejs/node.exe" "C:\Program Files\nodejs/node_mo ...
+ ~~~~~~~~~~~~~~~~~~~~~~~~~~~~~~~~~~~~~~~~~~~~~~~~~~~~~~~~~~~~~~~~~~~~~
    + CategoryInfo          : NotSpecified: ((node:16260) [D...ts.F_OK instead:String) [], RemoteException
    + FullyQualifiedErrorId : NativeCommandError
 
(Use `node --trace-deprecation ...` to show where the warning was created)
Creating an optimized production build...
Compiled with warnings.

[eslint] 
src\app.jsx
  Line 4:53:       'ChevronDown' is defined but never used                                                                                                                                                                                                                         no-unused-vars
  Line 4:66:       'ChevronRight' is defined but never used                                                                                                                                                                                                                        no-unused-vars
  Line 4:259:      'Home' is defined but never used                                                                                                                                                                                                                                no-unused-vars
  Line 4:365:      'Check' is defined but never used                                                                                                                                                                                                                               no-unused-vars
  Line 15:8:       'UrgentNotificationModal' is defined but never used                                                                                                                                                                                                             no-unused-vars
  Line 17:8:       'MaintenanceModeBanner' is defined but never used                                                                                                                                                                                                               no-unused-vars
  Line 19:10:      'InitialTutorialModal' is defined but never used                                                                                                                                                                                                                no-unused-vars
  Line 94:7:       'formatArrayDisplay' is assigned a value but never used                                                                                                                                                                                                         no-unused-vars
  Line 732:11:     'renderGreatGreatGrandparentCard' is assigned a value but never used                                                                                                                                                                                            no-unused-vars
  Line 762:15:     'subject' is assigned a value but never used                                                                                                                                                                                                                    no-unused-vars
  Line 1233:79:    Unexpected mix of '&&' and '||'. Use parentheses to clarify the intended order of operations                                                                                                                                                                    no-mixed-operators
  Line 1233:95:    Unexpected mix of '&&' and '||'. Use parentheses to clarify the intended order of operations                                                                                                                                                                    no-mixed-operators
  Line 1233:95:    Unexpected mix of '||' and '&&'. Use parentheses to clarify the intended order of operations                                                                                                                                                                    no-mixed-operators
  Line 1233:139:   Unexpected mix of '||' and '&&'. Use parentheses to clarify the intended order of operations                                                                                                                                                                    no-mixed-operators
  Line 1668:8:     React Hook useEffect has a missing dependency: 'profile'. Either include it or remove the dependency array. If 'setFreshProfile' needs the current value of 'profile', you can also switch to useReducer instead of useState and read 'profile' in the reducer  react-hooks/exhaustive-deps
  Line 2015:11:    'parseHealthRecords' is assigned a value but never used                                                                                                                                                                                                         no-unused-vars
  Line 2808:11:    'parseHealthRecords' is assigned a value but never used                                                                                                                                                                                                         no-unused-vars
  Line 3626:11:    'imgSrc' is assigned a value but never used                                                                                                                                                                                                                     no-unused-vars
  Line 3627:11:    'birthDate' is assigned a value but never used                                                                                                                                                                                                                  no-unused-vars
  Line 4942:12:    'predictedCOI' is assigned a value but never used                                                                                                                                                                                                               no-unused-vars
  Line 4943:12:    'calculatingCOI' is assigned a value but never used                                                                                                                                                                                                             no-unused-vars
  Line 4968:8:     React Hook useEffect has missing dependencies: 'fetchLitters' and 'fetchMyAnimals'. Either include them or remove the dependency array                                                                                                                          react-hooks/exhaustive-deps
  Line 5603:19:    'dam' is assigned a value but never used                                                                                                                                                                                                                        no-unused-vars
  Line 5709:15:    'sire' is assigned a value but never used                                                                                                                                                                                                                       no-unused-vars
  Line 5793:11:    'filteredMaleAnimals' is assigned a value but never used                                                                                                                                                                                                        no-unused-vars
  Line 5804:11:    'filteredFemaleAnimals' is assigned a value but never used                                                                                                                                                                                                      no-unused-vars
  Line 5815:11:    'allSpecies' is assigned a value but never used                                                                                                                                                                                                                 no-unused-vars
  Line 6716:11:    'customSpecies' is assigned a value but never used                                                                                                                                                                                                              no-unused-vars
  Line 6717:11:    'defaultSpecies' is assigned a value but never used                                                                                                                                                                                                             no-unused-vars
  Line 7902:12:    'pendingParentForRole' is assigned a value but never used                                                                                                                                                                                                       no-unused-vars
  Line 8103:8:     React Hook useEffect has missing dependencies: 'fetchAnimalSummary' and 'fetchBreederInfo'. Either include them or remove the dependency array                                                                                                                  react-hooks/exhaustive-deps
  Line 8148:8:     React Hook useEffect has a missing dependency: 'fetchAnimalSummary'. Either include it or remove the dependency array                                                                                                                                           react-hooks/exhaustive-deps
  Line 11001:35:   'setShowGeneticCodePublic' is assigned a value but never used                                                                                                                                                                                                   no-unused-vars
  Line 11002:31:   'setShowRemarksPublic' is assigned a value but never used                                                                                                                                                                                                       no-unused-vars
  Line 11109:25:   'uploadData' is assigned a value but never used                                                                                                                                                                                                                 no-unused-vars
  Line 11910:8:    React Hook useEffect has a missing dependency: 'setIsRegister'. Either include it or remove the dependency array. If 'setIsRegister' changes too often, find the parent component that defines it and wrap that definition in useCallback                       react-hooks/exhaustive-deps
  Line 12918:11:   'toggleSpecies' is assigned a value but never used                                                                                                                                                                                                              no-unused-vars
  Line 13414:8:    React Hook useEffect has a missing dependency: 'fetchConversations'. Either include it or remove the dependency array                                                                                                                                           react-hooks/exhaustive-deps
  Line 13420:8:    React Hook useEffect has a missing dependency: 'fetchMessages'. Either include it or remove the dependency array                                                                                                                                                react-hooks/exhaustive-deps
  Line 13431:8:    React Hook useEffect has a missing dependency: 'fetchMessages'. Either include it or remove the dependency array                                                                                                                                                react-hooks/exhaustive-deps
  Line 13882:8:    React Hook useEffect has a missing dependency: 'fetchNotifications'. Either include it or remove the dependency array                                                                                                                                           react-hooks/exhaustive-deps
  Line 14208:12:   'hasSkippedTutorialThisSession' is assigned a value but never used                                                                                                                                                                                              no-unused-vars
  Line 14222:13:   'hasSeenInitialTutorial' is assigned a value but never used                                                                                                                                                                                                     no-unused-vars
  Line 14222:114:  'markTutorialCompleted' is assigned a value but never used                                                                                                                                                                                                      no-unused-vars
  Line 14222:137:  'completedTutorials' is assigned a value but never used                                                                                                                                                                                                         no-unused-vars
  Line 14237:12:   'conversations' is assigned a value but never used                                                                                                                                                                                                              no-unused-vars
  Line 14237:27:   'setConversations' is assigned a value but never used                                                                                                                                                                                                           no-unused-vars
  Line 14239:12:   'messages' is assigned a value but never used                                                                                                                                                                                                                   no-unused-vars
  Line 14239:22:   'setMessages' is assigned a value but never used                                                                                                                                                                                                                no-unused-vars
  Line 14240:12:   'newMessage' is assigned a value but never used                                                                                                                                                                                                                 no-unused-vars
  Line 14240:24:   'setNewMessage' is assigned a value but never used                                                                                                                                                                                                              no-unused-vars
  Line 14241:12:   'sendingMessage' is assigned a value but never used                                                                                                                                                                                                             no-unused-vars
  Line 14241:28:   'setSendingMessage' is assigned a value but never used                                                                                                                                                                                                          no-unused-vars
  Line 14397:12:   'maintenanceMessage' is assigned a value but never used                                                                                                                                                                                                         no-unused-vars
  Line 14398:12:   'showUrgentNotification' is assigned a value but never used                                                                                                                                                                                                     no-unused-vars
  Line 14399:12:   'urgentNotificationData' is assigned a value but never used                                                                                                                                                                                                     no-unused-vars
  Line 14402:12:   'currentTutorialIndex' is assigned a value but never used                                                                                                                                                                                                       no-unused-vars
  Line 14448:8:    React Hook useCallback has an unnecessary dependency: 'API_BASE_URL'. Either exclude it or remove the dependency array. Outer scope values like 'API_BASE_URL' aren't valid dependencies because mutating them doesn't re-render the component                  react-hooks/exhaustive-deps
  Line 14462:8:    React Hook useCallback has a missing dependency: 'navigate'. Either include it or remove the dependency array                                                                                                                                                   react-hooks/exhaustive-deps
  Line 14723:8:    React Hook useCallback has a missing dependency: 'navigate'. Either include it or remove the dependency array. Outer scope values like 'API_BASE_URL' aren't valid dependencies because mutating them doesn't re-render the component                           react-hooks/exhaustive-deps
  Line 14780:8:    React Hook useEffect has a missing dependency: 'activeEvents'. Either include it or remove the dependency array                                                                                                                                                 react-hooks/exhaustive-deps
  Line 14826:8:    React Hook useEffect has an unnecessary dependency: 'API_BASE_URL'. Either exclude it or remove the dependency array. Outer scope values like 'API_BASE_URL' aren't valid dependencies because mutating them doesn't re-render the component                    react-hooks/exhaustive-deps
  Line 14841:8:    React Hook useEffect has an unnecessary dependency: 'API_BASE_URL'. Either exclude it or remove the dependency array. Outer scope values like 'API_BASE_URL' aren't valid dependencies because mutating them doesn't re-render the component                    react-hooks/exhaustive-deps
  Line 15049:8:    React Hook useEffect has an unnecessary dependency: 'API_BASE_URL'. Either exclude it or remove the dependency array. Outer scope values like 'API_BASE_URL' aren't valid dependencies because mutating them doesn't re-render the component                    react-hooks/exhaustive-deps
  Line 15116:8:    React Hook useEffect has an unnecessary dependency: 'API_BASE_URL'. Either exclude it or remove the dependency array. Outer scope values like 'API_BASE_URL' aren't valid dependencies because mutating them doesn't re-render the component                    react-hooks/exhaustive-deps
  Line 15149:8:    React Hook useEffect has an unnecessary dependency: 'API_BASE_URL'. Either exclude it or remove the dependency array. Outer scope values like 'API_BASE_URL' aren't valid dependencies because mutating them doesn't re-render the component                    react-hooks/exhaustive-deps
  Line 15164:8:    React Hook useCallback has an unnecessary dependency: 'API_BASE_URL'. Either exclude it or remove the dependency array. Outer scope values like 'API_BASE_URL' aren't valid dependencies because mutating them doesn't re-render the component                  react-hooks/exhaustive-deps
  Line 15180:8:    React Hook useCallback has an unnecessary dependency: 'API_BASE_URL'. Either exclude it or remove the dependency array. Outer scope values like 'API_BASE_URL' aren't valid dependencies because mutating them doesn't re-render the component                  react-hooks/exhaustive-deps
  Line 15227:8:    React Hook useEffect has an unnecessary dependency: 'API_BASE_URL'. Either exclude it or remove the dependency array. Outer scope values like 'API_BASE_URL' aren't valid dependencies because mutating them doesn't re-render the component                    react-hooks/exhaustive-deps
  Line 15261:8:    React Hook useEffect has an unnecessary dependency: 'API_BASE_URL'. Either exclude it or remove the dependency array. Outer scope values like 'API_BASE_URL' aren't valid dependencies because mutating them doesn't re-render the component                    react-hooks/exhaustive-deps
  Line 16853:35:   'iCreatedItButTransferred' is assigned a value but never used                                                                                                                                                                                                   no-unused-vars
  Line 16902:39:   'formattedBirthDate' is assigned a value but never used                                                                                                                                                                                                         no-unused-vars
  Line 18580:12:   'userProfile' is assigned a value but never used                                                                                                                                                                                                                no-unused-vars

src\components\BudgetingTab.jsx
  Line 78:8:  React Hook useEffect has missing dependencies: 'fetchAnimals', 'fetchTransactions', and 'fetchUserProfile'. Either include them or remove the dependency array  react-hooks/exhaustive-deps

src\components\EnhancedAdminPanel.jsx
  Line 4:14:    'Save' is defined but never used                                                                                        no-unused-vars
  Line 4:20:    'Plus' is defined but never used                                                                                        no-unused-vars
  Line 4:26:    'Trash2' is defined but never used                                                                                      no-unused-vars
  Line 4:34:    'Edit' is defined but never used                                                                                        no-unused-vars
  Line 4:40:    'Eye' is defined but never used                                                                                         no-unused-vars
  Line 4:45:    'Search' is defined but never used                                                                                      no-unused-vars
  Line 4:53:    'Download' is defined but never used                                                                                    no-unused-vars
  Line 4:63:    'Upload' is defined but never used                                                                                      no-unused-vars
  Line 5:5:     'ChevronDown' is defined but never used                                                                                 no-unused-vars
  Line 5:18:    'ChevronRight' is defined but never used                                                                                no-unused-vars
  Line 5:45:    'Clock' is defined but never used                                                                                       no-unused-vars
  Line 5:52:    'Flag' is defined but never used                                                                                        no-unused-vars
  Line 5:58:    'MessageSquare' is defined but never used                                                                               no-unused-vars
  Line 69:12:   'show2FA' is assigned a value but never used                                                                            no-unused-vars
  Line 84:12:   'loading' is assigned a value but never used                                                                            no-unused-vars
  Line 84:21:   'setLoading' is assigned a value but never used                                                                         no-unused-vars
  Line 103:8:   React Hook useEffect has a missing dependency: 'fetchDashboardStats'. Either include it or remove the dependency array  react-hooks/exhaustive-deps
  Line 215:11:  'handle2FASuccess' is assigned a value but never used                                                                   no-unused-vars
  Line 226:11:  'handle2FAClose' is assigned a value but never used                                                                     no-unused-vars

src\components\InfoTab.jsx
  Line 2:53:   'ChevronLeft' is defined but never used                 no-unused-vars
  Line 14:10:  'selectedLesson' is assigned a value but never used     no-unused-vars
  Line 14:26:  'setSelectedLesson' is assigned a value but never used  no-unused-vars

src\components\MouseGeneticsCalculator.jsx
  Line 1:27:     'useEffect' is defined but never used                                                         no-unused-vars
  Line 614:11:   'isAvyAvy' is assigned a value but never used                                                 no-unused-vars
  Line 656:9:    'isExtremeTanPattern' is assigned a value but never used                                      no-unused-vars
  Line 818:5:    'pattern' is assigned a value but never used                                                  no-unused-vars
  Line 878:32:   Unexpected mix of '||' and '&&'. Use parentheses to clarify the intended order of operations  no-mixed-operators
  Line 878:194:  Unexpected mix of '||' and '&&'. Use parentheses to clarify the intended order of operations  no-mixed-operators
  Line 881:32:   Unexpected mix of '||' and '&&'. Use parentheses to clarify the intended order of operations  no-mixed-operators
  Line 881:128:  Unexpected mix of '||' and '&&'. Use parentheses to clarify the intended order of operations  no-mixed-operators
  Line 1310:11:  'coatGenesSelected' is assigned a value but never used                                        no-unused-vars

src\components\ReportButton.jsx
  Line 14:12:  'currentUserId' is assigned a value but never used  no-unused-vars

src\components\TutorialOverlay.jsx
  Line 13:34:  'completedTutorials' is assigned a value but never used  no-unused-vars

src\components\admin\AuditLogTab.jsx
  Line 15:19:  'setLimit' is assigned a value but never used                                                                 no-unused-vars
  Line 20:8:   React Hook useEffect has a missing dependency: 'fetchLogs'. Either include it or remove the dependency array  react-hooks/exhaustive-deps

src\components\admin\CommunicationTab.jsx
  Line 22:12:  'targetUserEmail' is assigned a value but never used                                                                      no-unused-vars
  Line 29:8:   React Hook useEffect has a missing dependency: 'fetchBroadcastHistory'. Either include it or remove the dependency array  react-hooks/exhaustive-deps

src\components\admin\SystemSettingsTab.jsx
  Line 14:8:  React Hook useEffect has a missing dependency: 'fetchSettings'. Either include it or remove the dependency array  react-hooks/exhaustive-deps

src\components\admin\UserManagementTab.jsx
  Line 17:8:  React Hook useEffect has a missing dependency: 'fetchUsers'. Either include it or remove the dependency array  react-hooks/exhaustive-deps

src\components\moderation\AuditLogViewer.jsx
  Line 3:41:  'User' is defined but never used                                                                              no-unused-vars
  Line 3:47:  'Shield' is defined but never used                                                                            no-unused-vars
  Line 4:5:   'Activity' is defined but never used                                                                          no-unused-vars
  Line 47:8:  React Hook useEffect has a missing dependency: 'fetchLogs'. Either include it or remove the dependency array  react-hooks/exhaustive-deps

src\components\moderation\ModActionModals.jsx
  Line 251:8:  React Hook useEffect has a missing dependency: 'fetchWarningCount'. Either include it or remove the dependency array  react-hooks/exhaustive-deps
  Line 556:8:  React Hook useEffect has a missing dependency: 'fetchUserWarnings'. Either include it or remove the dependency array  react-hooks/exhaustive-deps

src\components\moderation\ModOversightPanel.jsx
  Line 98:15:  'breederName' is assigned a value but never used                                                                 no-unused-vars
  Line 153:8:  React Hook useEffect has a missing dependency: 'fetchReports'. Either include it or remove the dependency array  react-hooks/exhaustive-deps

src\components\moderation\ModeratorActionSidebar.jsx
  Line 2:33:  'Eye' is defined but never used  no-unused-vars

src\components\moderation\UserManagementPanel.jsx
  Line 3:13:  'ShieldOff' is defined but never used  no-unused-vars
  Line 3:51:  'UserX' is defined but never used      no-unused-vars
  Line 4:10:  'EyeOff' is defined but never used     no-unused-vars
  Line 4:31:  'XCircle' is defined but never used    no-unused-vars

Search for the keywords to learn more about each warning.
To ignore, add // eslint-disable-next-line to the line before.

File sizes after gzip:

  421.11 kB (-5 B)  build\static\js\main.5cab2160.js
  43.29 kB          build\static\js\455.0418a02b.chunk.js
  27.65 kB          build\static\css\main.bfb5ae8c.css
  8.7 kB            build\static\js\977.e1079e09.chunk.js

The project was built assuming it is hosted at /.
You can control this with the homepage field in your package.json.

The build folder is ready to be deployed.
You may serve it with a static server:

  npm install -g serve
  serve -s build

Find out more about deployment here:

  https://cra.link/deployment

