
> crittertrack-frontend-app@0.1.0 build
> cross-env GENERATE_SOURCEMAP=false react-scripts build

Creating an optimized production build...
Compiled with warnings.

Critical dependency: the request of a dependency is an expression

[eslint] 
src\app.jsx
  Line 1:1:      Unexpected Unicode BOM (Byte Order Mark)                                                                                                                                                                                                                                       unicode-bom
  Line 2:59:     'useMemo' is defined but never used                                                                                                                                                                                                                                            no-unused-vars
  Line 2:68:     'useImperativeHandle' is defined but never used                                                                                                                                                                                                                                no-unused-vars
  Line 3:47:     'useSearchParams' is defined but never used                                                                                                                                                                                                                                    no-unused-vars
  Line 5:23:     'UserPlus' is defined but never used                                                                                                                                                                                                                                           no-unused-vars
  Line 5:40:     'ChevronLeft' is defined but never used                                                                                                                                                                                                                                        no-unused-vars
  Line 5:67:     'ChevronUp' is defined but never used                                                                                                                                                                                                                                          no-unused-vars
  Line 5:78:     'ChevronDown' is defined but never used                                                                                                                                                                                                                                        no-unused-vars
  Line 5:99:     'Edit' is defined but never used                                                                                                                                                                                                                                               no-unused-vars
  Line 5:123:    'Plus' is defined but never used                                                                                                                                                                                                                                               no-unused-vars
  Line 5:198:    'Settings' is defined but never used                                                                                                                                                                                                                                           no-unused-vars
  Line 5:214:    'Globe' is defined but never used                                                                                                                                                                                                                                              no-unused-vars
  Line 5:287:    'HeartHandshake' is defined but never used                                                                                                                                                                                                                                     no-unused-vars
  Line 5:318:    'CheckCircle' is defined but never used                                                                                                                                                                                                                                        no-unused-vars
  Line 5:341:    'Upload' is defined but never used                                                                                                                                                                                                                                             no-unused-vars
  Line 5:359:    'Link' is defined but never used                                                                                                                                                                                                                                               no-unused-vars
  Line 5:365:    'Unlink' is defined but never used                                                                                                                                                                                                                                             no-unused-vars
  Line 5:398:    'Archive' is defined but never used                                                                                                                                                                                                                                            no-unused-vars
  Line 5:471:    'Flag' is defined but never used                                                                                                                                                                                                                                               no-unused-vars
  Line 5:523:    'AlertTriangle' is defined but never used                                                                                                                                                                                                                                      no-unused-vars
  Line 5:551:    'Check' is defined but never used                                                                                                                                                                                                                                              no-unused-vars
  Line 5:558:    'Star' is defined but never used                                                                                                                                                                                                                                               no-unused-vars
  Line 5:564:    'Moon' is defined but never used                                                                                                                                                                                                                                               no-unused-vars
  Line 5:592:    'Network' is defined but never used                                                                                                                                                                                                                                            no-unused-vars
  Line 5:601:    'TableOfContents' is defined but never used                                                                                                                                                                                                                                    no-unused-vars
  Line 5:618:    'LayoutGrid' is defined but never used                                                                                                                                                                                                                                         no-unused-vars
  Line 5:636:    'Utensils' is defined but never used                                                                                                                                                                                                                                           no-unused-vars
  Line 5:646:    'Wrench' is defined but never used                                                                                                                                                                                                                                             no-unused-vars
  Line 5:654:    'Activity' is defined but never used                                                                                                                                                                                                                                           no-unused-vars
  Line 5:664:    'ScrollText' is defined but never used                                                                                                                                                                                                                                         no-unused-vars
  Line 5:676:    'Package' is defined but never used                                                                                                                                                                                                                                            no-unused-vars
  Line 5:685:    'Calendar' is defined but never used                                                                                                                                                                                                                                           no-unused-vars
  Line 5:713:    'Images' is defined but never used                                                                                                                                                                                                                                             no-unused-vars
  Line 5:721:    'Share2' is defined but never used                                                                                                                                                                                                                                             no-unused-vars
  Line 5:775:    'Brain' is defined but never used                                                                                                                                                                                                                                              no-unused-vars
  Line 5:790:    'Scale' is defined but never used                                                                                                                                                                                                                                              no-unused-vars
  Line 5:797:    'FileCheck' is defined but never used                                                                                                                                                                                                                                          no-unused-vars
  Line 5:817:    'Sprout' is defined but never used                                                                                                                                                                                                                                             no-unused-vars
  Line 5:825:    'Ruler' is defined but never used                                                                                                                                                                                                                                              no-unused-vars
  Line 5:850:    'Microscope' is defined but never used                                                                                                                                                                                                                                         no-unused-vars
  Line 5:862:    'Pill' is defined but never used                                                                                                                                                                                                                                               no-unused-vars
  Line 5:868:    'Stethoscope' is defined but never used                                                                                                                                                                                                                                        no-unused-vars
  Line 5:945:    'Key' is defined but never used                                                                                                                                                                                                                                                no-unused-vars
  Line 5:950:    'Dumbbell' is defined but never used                                                                                                                                                                                                                                           no-unused-vars
  Line 5:960:    'Gem' is defined but never used                                                                                                                                                                                                                                                no-unused-vars
  Line 5:965:    'Flame' is defined but never used                                                                                                                                                                                                                                              no-unused-vars
  Line 5:972:    'Baby' is defined but never used                                                                                                                                                                                                                                               no-unused-vars
  Line 5:978:    'PawPrint' is defined but never used                                                                                                                                                                                                                                           no-unused-vars
  Line 5:988:    'ArrowRight' is defined but never used                                                                                                                                                                                                                                         no-unused-vars
  Line 5:1000:   'LockOpen' is defined but never used                                                                                                                                                                                                                                           no-unused-vars
  Line 5:1010:   'Camera' is defined but never used                                                                                                                                                                                                                                             no-unused-vars
  Line 5:1029:   'Bird' is defined but never used                                                                                                                                                                                                                                               no-unused-vars
  Line 5:1035:   'Fish' is defined but never used                                                                                                                                                                                                                                               no-unused-vars
  Line 5:1041:   'Bug' is defined but never used                                                                                                                                                                                                                                                no-unused-vars
  Line 5:1046:   'Worm' is defined but never used                                                                                                                                                                                                                                               no-unused-vars
  Line 5:1052:   'Turtle' is defined but never used                                                                                                                                                                                                                                             no-unused-vars
  Line 5:1060:   'SlidersHorizontal' is defined but never used                                                                                                                                                                                                                                  no-unused-vars
  Line 6:8:      'ArchiveScreen' is defined but never used                                                                                                                                                                                                                                      no-unused-vars
  Line 7:10:     'QRCodeSVG' is defined but never used                                                                                                                                                                                                                                          no-unused-vars
  Line 8:8:      'jsPDF' is defined but never used                                                                                                                                                                                                                                              no-unused-vars
  Line 9:8:      'html2canvas' is defined but never used                                                                                                                                                                                                                                        no-unused-vars
  Line 11:22:    'formatDateShort' is defined but never used                                                                                                                                                                                                                                    no-unused-vars
  Line 11:39:    'formatDateDisplay' is defined but never used                                                                                                                                                                                                                                  no-unused-vars
  Line 11:58:    'litterAge' is defined but never used                                                                                                                                                                                                                                          no-unused-vars
  Line 11:69:    'formatTimeAgo' is defined but never used                                                                                                                                                                                                                                      no-unused-vars
  Line 12:42:    'DEFAULT_SPECIES_OPTIONS' is defined but never used                                                                                                                                                                                                                            no-unused-vars
  Line 13:10:    'getSpeciesDisplayName' is defined but never used                                                                                                                                                                                                                              no-unused-vars
  Line 13:33:    'getSpeciesLatinName' is defined but never used                                                                                                                                                                                                                                no-unused-vars
  Line 14:42:    'US_STATES' is defined but never used                                                                                                                                                                                                                                          no-unused-vars
  Line 14:53:    'getStateName' is defined but never used                                                                                                                                                                                                                                       no-unused-vars
  Line 15:10:    'getDonationBadge' is defined but never used                                                                                                                                                                                                                                   no-unused-vars
  Line 15:28:    'DonationBadge' is defined but never used                                                                                                                                                                                                                                      no-unused-vars
  Line 16:10:    'getActionLabel' is defined but never used                                                                                                                                                                                                                                     no-unused-vars
  Line 16:26:    'getActionColor' is defined but never used                                                                                                                                                                                                                                     no-unused-vars
  Line 18:8:     'GeneticCodeBuilder' is defined but never used                                                                                                                                                                                                                                 no-unused-vars
  Line 22:8:     'InstallPWA' is defined but never used                                                                                                                                                                                                                                         no-unused-vars
  Line 25:10:    'TUTORIAL_LESSONS' is defined but never used                                                                                                                                                                                                                                   no-unused-vars
  Line 26:8:     'DatePicker' is defined but never used                                                                                                                                                                                                                                         no-unused-vars
  Line 29:8:     'ReportButton' is defined but never used                                                                                                                                                                                                                                       no-unused-vars
  Line 40:39:    'BroadcastPoll' is defined but never used                                                                                                                                                                                                                                      no-unused-vars
  Line 40:54:    'UrgencyAlertsBanner' is defined but never used                                                                                                                                                                                                                                no-unused-vars
  Line 40:75:    'MgmtUrgencyBanner' is defined but never used                                                                                                                                                                                                                                  no-unused-vars
  Line 40:94:    'BroadcastBanner' is defined but never used                                                                                                                                                                                                                                    no-unused-vars
  Line 45:28:    'BreederDirectorySettings' is defined but never used                                                                                                                                                                                                                           no-unused-vars
  Line 46:8:     'ProfileEditForm' is defined but never used                                                                                                                                                                                                                                    no-unused-vars
  Line 54:10:    'compressImageFile' is defined but never used                                                                                                                                                                                                                                  no-unused-vars
  Line 54:29:    'compressImageToMaxSize' is defined but never used                                                                                                                                                                                                                             no-unused-vars
  Line 54:53:    'compressImageWithWorker' is defined but never used                                                                                                                                                                                                                            no-unused-vars
  Line 64:10:    'ConflictResolutionModal' is defined but never used                                                                                                                                                                                                                            no-unused-vars
  Line 64:35:    'LitterSyncConflictModal' is defined but never used                                                                                                                                                                                                                            no-unused-vars
  Line 65:10:    'ParentSearchModal' is defined but never used                                                                                                                                                                                                                                  no-unused-vars
  Line 65:29:    'LocalAnimalSearchModal' is defined but never used                                                                                                                                                                                                                             no-unused-vars
  Line 66:10:    'SpeciesPickerModal' is defined but never used                                                                                                                                                                                                                                 no-unused-vars
  Line 67:10:    'CommunityGeneticsModal' is defined but never used                                                                                                                                                                                                                             no-unused-vars
  Line 81:7:     'IDLE_TIMEOUT_MS' is assigned a value but never used                                                                                                                                                                                                                           no-unused-vars
  Line 234:34:   'showModalMessage' was used before it was defined                                                                                                                                                                                                                              no-use-before-define
  Line 239:12:   'isMobile' is assigned a value but never used                                                                                                                                                                                                                                  no-unused-vars
  Line 324:8:    React Hook useEffect has an unnecessary dependency: 'API_BASE_URL'. Either exclude it or remove the dependency array. Outer scope values like 'API_BASE_URL' aren't valid dependencies because mutating them doesn't re-render the component                                   react-hooks/exhaustive-deps
  Line 345:8:    React Hook useEffect has an unnecessary dependency: 'API_BASE_URL'. Either exclude it or remove the dependency array. Outer scope values like 'API_BASE_URL' aren't valid dependencies because mutating them doesn't re-render the component                                   react-hooks/exhaustive-deps
  Line 370:8:    React Hook useEffect has an unnecessary dependency: 'API_BASE_URL'. Either exclude it or remove the dependency array. Outer scope values like 'API_BASE_URL' aren't valid dependencies because mutating them doesn't re-render the component                                   react-hooks/exhaustive-deps
  Line 390:12:   'conversations' is assigned a value but never used                                                                                                                                                                                                                             no-unused-vars
  Line 390:27:   'setConversations' is assigned a value but never used                                                                                                                                                                                                                          no-unused-vars
  Line 392:12:   'messages' is assigned a value but never used                                                                                                                                                                                                                                  no-unused-vars
  Line 392:22:   'setMessages' is assigned a value but never used                                                                                                                                                                                                                               no-unused-vars
  Line 393:12:   'newMessage' is assigned a value but never used                                                                                                                                                                                                                                no-unused-vars
  Line 393:24:   'setNewMessage' is assigned a value but never used                                                                                                                                                                                                                             no-unused-vars
  Line 394:12:   'sendingMessage' is assigned a value but never used                                                                                                                                                                                                                            no-unused-vars
  Line 394:28:   'setSendingMessage' is assigned a value but never used                                                                                                                                                                                                                         no-unused-vars
  Line 441:8:    React Hook React.useEffect has a missing dependency: 'BL_PRESETS_APP'. Either include it or remove the dependency array                                                                                                                                                        react-hooks/exhaustive-deps
  Line 553:12:   'copySuccessAnimal' is assigned a value but never used                                                                                                                                                                                                                         no-unused-vars
  Line 559:12:   'showCreateLitterModal' is assigned a value but never used                                                                                                                                                                                                                     no-unused-vars
  Line 559:35:   'setShowCreateLitterModal' is assigned a value but never used                                                                                                                                                                                                                  no-unused-vars
  Line 560:12:   'showLinkLitterModal' is assigned a value but never used                                                                                                                                                                                                                       no-unused-vars
  Line 560:33:   'setShowLinkLitterModal' is assigned a value but never used                                                                                                                                                                                                                    no-unused-vars
  Line 561:12:   'breedingRecordForLitter' is assigned a value but never used                                                                                                                                                                                                                   no-unused-vars
  Line 561:37:   'setBreedingRecordForLitter' is assigned a value but never used                                                                                                                                                                                                                no-unused-vars
  Line 578:8:    React Hook React.useEffect has a missing dependency: 'breedingRecordLitters'. Either include it or remove the dependency array. Outer scope values like 'API_BASE_URL' aren't valid dependencies because mutating them doesn't re-render the component                         react-hooks/exhaustive-deps
  Line 591:12:   'hasSeenWelcomeGuide' is assigned a value but never used                                                                                                                                                                                                                       no-unused-vars
  Line 612:12:   'budgetModalOpen' is assigned a value but never used                                                                                                                                                                                                                           no-unused-vars
  Line 643:12:   'maintenanceMessage' is assigned a value but never used                                                                                                                                                                                                                        no-unused-vars
  Line 644:12:   'showUrgentNotification' is assigned a value but never used                                                                                                                                                                                                                    no-unused-vars
  Line 645:12:   'urgentNotificationData' is assigned a value but never used                                                                                                                                                                                                                    no-unused-vars
  Line 670:8:    React Hook useCallback has missing dependencies: 'BL_PRESETS_APP', 'navigate', 'setAuthToken', and 'setUserProfile'. Either include them or remove the dependency array                                                                                                        react-hooks/exhaustive-deps
  Line 964:8:    React Hook useCallback has missing dependencies: 'navigate', 'setAuthToken', and 'setUserProfile'. Either include them or remove the dependency array. Outer scope values like 'API_BASE_URL' aren't valid dependencies because mutating them doesn't re-render the component  react-hooks/exhaustive-deps
  Line 1033:8:   React Hook useEffect has an unnecessary dependency: 'API_BASE_URL'. Either exclude it or remove the dependency array. Outer scope values like 'API_BASE_URL' aren't valid dependencies because mutating them doesn't re-render the component                                   react-hooks/exhaustive-deps
  Line 1048:8:   React Hook useEffect has an unnecessary dependency: 'API_BASE_URL'. Either exclude it or remove the dependency array. Outer scope values like 'API_BASE_URL' aren't valid dependencies because mutating them doesn't re-render the component                                   react-hooks/exhaustive-deps
  Line 1132:8:   React Hook useEffect has an unnecessary dependency: 'API_BASE_URL'. Either exclude it or remove the dependency array. Outer scope values like 'API_BASE_URL' aren't valid dependencies because mutating them doesn't re-render the component                                   react-hooks/exhaustive-deps
  Line 1161:8:   React Hook useEffect has a missing dependency: 'setUserProfile'. Either include it or remove the dependency array                                                                                                                                                              react-hooks/exhaustive-deps
  Line 1238:8:   React Hook useEffect has an unnecessary dependency: 'API_BASE_URL'. Either exclude it or remove the dependency array. Outer scope values like 'API_BASE_URL' aren't valid dependencies because mutating them doesn't re-render the component                                   react-hooks/exhaustive-deps
  Line 1295:8:   React Hook useEffect has an unnecessary dependency: 'API_BASE_URL'. Either exclude it or remove the dependency array. Outer scope values like 'API_BASE_URL' aren't valid dependencies because mutating them doesn't re-render the component                                   react-hooks/exhaustive-deps
  Line 1328:8:   React Hook useEffect has an unnecessary dependency: 'API_BASE_URL'. Either exclude it or remove the dependency array. Outer scope values like 'API_BASE_URL' aren't valid dependencies because mutating them doesn't re-render the component                                   react-hooks/exhaustive-deps
  Line 1340:8:   React Hook useCallback has an unnecessary dependency: 'API_BASE_URL'. Either exclude it or remove the dependency array. Outer scope values like 'API_BASE_URL' aren't valid dependencies because mutating them doesn't re-render the component                                 react-hooks/exhaustive-deps
  Line 1358:8:   React Hook useCallback has an unnecessary dependency: 'API_BASE_URL'. Either exclude it or remove the dependency array. Outer scope values like 'API_BASE_URL' aren't valid dependencies because mutating them doesn't re-render the component                                 react-hooks/exhaustive-deps
  Line 1421:8:   React Hook useEffect has an unnecessary dependency: 'API_BASE_URL'. Either exclude it or remove the dependency array. Outer scope values like 'API_BASE_URL' aren't valid dependencies because mutating them doesn't re-render the component                                   react-hooks/exhaustive-deps
  Line 1668:8:   React Hook useEffect has a missing dependency: 'handleViewPublicAnimal'. Either include it or remove the dependency array                                                                                                                                                      react-hooks/exhaustive-deps
  Line 1773:19:  'response' is assigned a value but never used                                                                                                                                                                                                                                  no-unused-vars
  Line 1792:11:  'handleRestoreViewOnlyAnimal' is assigned a value but never used                                                                                                                                                                                                               no-unused-vars
  Line 3264:39:  'formattedBirthDate' is assigned a value but never used                                                                                                                                                                                                                        no-unused-vars
  Line 3267:39:  'handleShareAnimal' is assigned a value but never used                                                                                                                                                                                                                         no-unused-vars
  Line 5136:8:   React Hook useEffect has a missing dependency: 'authToken'. Either include it or remove the dependency array                                                                                                                                                                   react-hooks/exhaustive-deps

src\components\AnimalDetail\PrivateAnimalDetail.jsx
  Line 1:38:    'useCallback' is defined but never used                                                                                                                                                                                                                              no-unused-vars
  Line 1:59:    'useImperativeHandle' is defined but never used                                                                                                                                                                                                                      no-unused-vars
  Line 3:8:     'jsPDF' is defined but never used                                                                                                                                                                                                                                    no-unused-vars
  Line 4:8:     'html2canvas' is defined but never used                                                                                                                                                                                                                              no-unused-vars
  Line 5:8:     'QRCode' is defined but never used                                                                                                                                                                                                                                   no-unused-vars
  Line 6:10:    'QRCodeSVG' is defined but never used                                                                                                                                                                                                                                no-unused-vars
  Line 12:5:    'ChevronDown' is defined but never used                                                                                                                                                                                                                              no-unused-vars
  Line 12:18:   'ChevronRight' is defined but never used                                                                                                                                                                                                                             no-unused-vars
  Line 12:32:   'ChevronUp' is defined but never used                                                                                                                                                                                                                                no-unused-vars
  Line 14:5:    'Shield' is defined but never used                                                                                                                                                                                                                                   no-unused-vars
  Line 14:13:   'Microscope' is defined but never used                                                                                                                                                                                                                               no-unused-vars
  Line 14:25:   'Pill' is defined but never used                                                                                                                                                                                                                                     no-unused-vars
  Line 14:31:   'Stethoscope' is defined but never used                                                                                                                                                                                                                              no-unused-vars
  Line 14:44:   'UtensilsCrossed' is defined but never used                                                                                                                                                                                                                          no-unused-vars
  Line 14:61:   'Droplets' is defined but never used                                                                                                                                                                                                                                 no-unused-vars
  Line 14:71:   'Thermometer' is defined but never used                                                                                                                                                                                                                              no-unused-vars
  Line 14:84:   'Scissors' is defined but never used                                                                                                                                                                                                                                 no-unused-vars
  Line 14:94:   'MessageSquare' is defined but never used                                                                                                                                                                                                                            no-unused-vars
  Line 15:5:    'Activity' is defined but never used                                                                                                                                                                                                                                 no-unused-vars
  Line 15:15:   'AlertTriangle' is defined but never used                                                                                                                                                                                                                            no-unused-vars
  Line 15:30:   'Medal' is defined but never used                                                                                                                                                                                                                                    no-unused-vars
  Line 15:37:   'Target' is defined but never used                                                                                                                                                                                                                                   no-unused-vars
  Line 15:45:   'Key' is defined but never used                                                                                                                                                                                                                                      no-unused-vars
  Line 15:50:   'Ban' is defined but never used                                                                                                                                                                                                                                      no-unused-vars
  Line 15:55:   'Check' is defined but never used                                                                                                                                                                                                                                    no-unused-vars
  Line 15:62:   'RefreshCw' is defined but never used                                                                                                                                                                                                                                no-unused-vars
  Line 15:73:   'Leaf' is defined but never used                                                                                                                                                                                                                                     no-unused-vars
  Line 15:79:   'ArrowRight' is defined but never used                                                                                                                                                                                                                               no-unused-vars
  Line 15:91:   'Hourglass' is defined but never used                                                                                                                                                                                                                                no-unused-vars
  Line 16:12:   'FolderOpen' is defined but never used                                                                                                                                                                                                                               no-unused-vars
  Line 16:24:   'Globe' is defined but never used                                                                                                                                                                                                                                    no-unused-vars
  Line 16:31:   'Sparkles' is defined but never used                                                                                                                                                                                                                                 no-unused-vars
  Line 16:41:   'Sprout' is defined but never used                                                                                                                                                                                                                                   no-unused-vars
  Line 16:49:   'Ruler' is defined but never used                                                                                                                                                                                                                                    no-unused-vars
  Line 16:56:   'Feather' is defined but never used                                                                                                                                                                                                                                  no-unused-vars
  Line 16:65:   'Download' is defined but never used                                                                                                                                                                                                                                 no-unused-vars
  Line 16:75:   'Loader2' is defined but never used                                                                                                                                                                                                                                  no-unused-vars
  Line 16:84:   'Camera' is defined but never used                                                                                                                                                                                                                                   no-unused-vars
  Line 16:92:   'Network' is defined but never used                                                                                                                                                                                                                                  no-unused-vars
  Line 17:5:    'TableOfContents' is defined but never used                                                                                                                                                                                                                          no-unused-vars
  Line 17:22:   'BookOpen' is defined but never used                                                                                                                                                                                                                                 no-unused-vars
  Line 17:59:   'Hash' is defined but never used                                                                                                                                                                                                                                     no-unused-vars
  Line 21:34:   'parseJsonField' is defined but never used                                                                                                                                                                                                                           no-unused-vars
  Line 21:50:   'DetailJsonList' is defined but never used                                                                                                                                                                                                                           no-unused-vars
  Line 21:108:  'ParentMiniCard' is defined but never used                                                                                                                                                                                                                           no-unused-vars
  Line 22:22:   'litterAge' is defined but never used                                                                                                                                                                                                                                no-unused-vars
  Line 24:10:   'getSpeciesLatinName' is defined but never used                                                                                                                                                                                                                      no-unused-vars
  Line 29:12:   'showPedigree' is assigned a value but never used                                                                                                                                                                                                                    no-unused-vars
  Line 29:26:   'setShowPedigree' is assigned a value but never used                                                                                                                                                                                                                 no-unused-vars
  Line 31:12:   'copySuccess' is assigned a value but never used                                                                                                                                                                                                                     no-unused-vars
  Line 33:12:   'enclosureInfo' is assigned a value but never used                                                                                                                                                                                                                   no-unused-vars
  Line 35:12:   'animalLogsLoading' is assigned a value but never used                                                                                                                                                                                                               no-unused-vars
  Line 38:12:   'collapsedHealthSections' is assigned a value but never used                                                                                                                                                                                                         no-unused-vars
  Line 38:37:   'setCollapsedHealthSections' is assigned a value but never used                                                                                                                                                                                                      no-unused-vars
  Line 39:12:   'breedingRecordOffspring' is assigned a value but never used                                                                                                                                                                                                         no-unused-vars
  Line 40:12:   'expandedBreedingRecords' is assigned a value but never used                                                                                                                                                                                                         no-unused-vars
  Line 40:37:   'setExpandedBreedingRecords' is assigned a value but never used                                                                                                                                                                                                      no-unused-vars
  Line 41:12:   'animalLitters' is assigned a value but never used                                                                                                                                                                                                                   no-unused-vars
  Line 42:12:   'pedigreeOffspring' is assigned a value but never used                                                                                                                                                                                                               no-unused-vars
  Line 43:12:   'expandedPedigreeRecords' is assigned a value but never used                                                                                                                                                                                                         no-unused-vars
  Line 43:37:   'setExpandedPedigreeRecords' is assigned a value but never used                                                                                                                                                                                                      no-unused-vars
  Line 45:12:   'ownedAnimalsLoaded' is assigned a value but never used                                                                                                                                                                                                              no-unused-vars
  Line 49:12:   'parentCardKey' is assigned a value but never used                                                                                                                                                                                                                   no-unused-vars
  Line 49:27:   'setParentCardKey' is assigned a value but never used                                                                                                                                                                                                                no-unused-vars
  Line 51:12:   'mpDownloading' is assigned a value but never used                                                                                                                                                                                                                   no-unused-vars
  Line 51:27:   'setMpDownloading' is assigned a value but never used                                                                                                                                                                                                                no-unused-vars
  Line 52:12:   'mpLoading' is assigned a value but never used                                                                                                                                                                                                                       no-unused-vars
  Line 53:11:   'mpTreeRef' is assigned a value but never used                                                                                                                                                                                                                       no-unused-vars
  Line 54:11:   'chartRef' is assigned a value but never used                                                                                                                                                                                                                        no-unused-vars
  Line 55:12:   'mpEnrichedData' is assigned a value but never used                                                                                                                                                                                                                  no-unused-vars
  Line 56:12:   'betaPedigreeView' is assigned a value but never used                                                                                                                                                                                                                no-unused-vars
  Line 123:8:   React Hook useEffect has missing dependencies: 'API_BASE_URL', 'animal?.damId_public', 'animal?.fatherId_public', 'animal?.manualPedigree', 'animal?.motherId_public', 'animal?.sireId_public', and 'authToken'. Either include them or remove the dependency array  react-hooks/exhaustive-deps
  Line 153:11:  'relationships' is assigned a value but never used                                                                                                                                                                                                                   no-unused-vars
  Line 156:11:  'externalRelGroups' is assigned a value but never used                                                                                                                                                                                                               no-unused-vars
  Line 172:11:  'getExternalRelLabel' is assigned a value but never used                                                                                                                                                                                                             no-unused-vars
  Line 195:12:  'relInsightsOpen' is assigned a value but never used                                                                                                                                                                                                                 no-unused-vars
  Line 195:29:  'setRelInsightsOpen' is assigned a value but never used                                                                                                                                                                                                              no-unused-vars
  Line 196:12:  'relOwnOpen' is assigned a value but never used                                                                                                                                                                                                                      no-unused-vars
  Line 196:24:  'setRelOwnOpen' is assigned a value but never used                                                                                                                                                                                                                   no-unused-vars
  Line 197:12:  'relExternalOpen' is assigned a value but never used                                                                                                                                                                                                                 no-unused-vars
  Line 197:29:  'setRelExternalOpen' is assigned a value but never used                                                                                                                                                                                                              no-unused-vars
  Line 198:12:  'offspringOpen' is assigned a value but never used                                                                                                                                                                                                                   no-unused-vars
  Line 198:27:  'setOffspringOpen' is assigned a value but never used                                                                                                                                                                                                                no-unused-vars
  Line 199:11:  'pedigreeIssues' is assigned a value but never used                                                                                                                                                                                                                  no-unused-vars
  Line 247:12:  'pedigreeValidationOpen' is assigned a value but never used                                                                                                                                                                                                          no-unused-vars
  Line 247:36:  'setPedigreeValidationOpen' is assigned a value but never used                                                                                                                                                                                                       no-unused-vars
  Line 291:13:  'fieldTemplate' is assigned a value but never used                                                                                                                                                                                                                   no-unused-vars
  Line 291:28:  'getLabel' is assigned a value but never used                                                                                                                                                                                                                        no-unused-vars
  Line 340:11:  'handleShare' is assigned a value but never used                                                                                                                                                                                                                     no-unused-vars

src\components\AnimalDetail\ViewOnlyAnimalDetail.jsx
  Line 1:17:   'useState' is defined but never used                no-unused-vars
  Line 1:27:   'useEffect' is defined but never used               no-unused-vars
  Line 1:38:   'useCallback' is defined but never used             no-unused-vars
  Line 1:51:   'useMemo' is defined but never used                 no-unused-vars
  Line 2:8:    'axios' is defined but never used                   no-unused-vars
  Line 3:10:   'ArrowLeft' is defined but never used               no-unused-vars
  Line 3:21:   'X' is defined but never used                       no-unused-vars
  Line 3:24:   'QrCode' is defined but never used                  no-unused-vars
  Line 3:32:   'ChevronDown' is defined but never used             no-unused-vars
  Line 3:45:   'ChevronUp' is defined but never used               no-unused-vars
  Line 3:56:   'Mars' is defined but never used                    no-unused-vars
  Line 3:62:   'Venus' is defined but never used                   no-unused-vars
  Line 3:69:   'Cat' is defined but never used                     no-unused-vars
  Line 3:74:   'Users' is defined but never used                   no-unused-vars
  Line 3:81:   'Home' is defined but never used                    no-unused-vars
  Line 3:87:   'Tag' is defined but never used                     no-unused-vars
  Line 3:92:   'Loader2' is defined but never used                 no-unused-vars
  Line 3:101:  'Lock' is defined but never used                    no-unused-vars
  Line 3:107:  'TreeDeciduous' is defined but never used           no-unused-vars
  Line 3:122:  'Egg' is defined but never used                     no-unused-vars
  Line 3:127:  'Pill' is defined but never used                    no-unused-vars
  Line 3:133:  'Shield' is defined but never used                  no-unused-vars
  Line 3:141:  'Microscope' is defined but never used              no-unused-vars
  Line 3:153:  'Hospital' is defined but never used                no-unused-vars
  Line 3:163:  'Stethoscope' is defined but never used             no-unused-vars
  Line 3:176:  'UtensilsCrossed' is defined but never used         no-unused-vars
  Line 3:193:  'Droplets' is defined but never used                no-unused-vars
  Line 3:203:  'Thermometer' is defined but never used             no-unused-vars
  Line 3:216:  'Scissors' is defined but never used                no-unused-vars
  Line 3:226:  'MessageSquare' is defined but never used           no-unused-vars
  Line 3:241:  'Activity' is defined but never used                no-unused-vars
  Line 3:251:  'AlertTriangle' is defined but never used           no-unused-vars
  Line 3:266:  'FileText' is defined but never used                no-unused-vars
  Line 3:276:  'Feather' is defined but never used                 no-unused-vars
  Line 3:285:  'Medal' is defined but never used                   no-unused-vars
  Line 3:292:  'Target' is defined but never used                  no-unused-vars
  Line 3:300:  'Key' is defined but never used                     no-unused-vars
  Line 3:305:  'ClipboardList' is defined but never used           no-unused-vars
  Line 3:320:  'Ban' is defined but never used                     no-unused-vars
  Line 3:325:  'Images' is defined but never used                  no-unused-vars
  Line 3:333:  'Camera' is defined but never used                  no-unused-vars
  Line 3:341:  'Heart' is defined but never used                   no-unused-vars
  Line 3:348:  'Eye' is defined but never used                     no-unused-vars
  Line 3:353:  'EyeOff' is defined but never used                  no-unused-vars
  Line 3:361:  'Sparkles' is defined but never used                no-unused-vars
  Line 3:371:  'Dna' is defined but never used                     no-unused-vars
  Line 3:376:  'Ruler' is defined but never used                   no-unused-vars
  Line 3:383:  'Palette' is defined but never used                 no-unused-vars
  Line 3:392:  'Hash' is defined but never used                    no-unused-vars
  Line 3:398:  'FolderOpen' is defined but never used              no-unused-vars
  Line 3:410:  'Globe' is defined but never used                   no-unused-vars
  Line 3:417:  'Hourglass' is defined but never used               no-unused-vars
  Line 3:428:  'Bean' is defined but never used                    no-unused-vars
  Line 3:434:  'Milk' is defined but never used                    no-unused-vars
  Line 3:440:  'Sprout' is defined but never used                  no-unused-vars
  Line 3:448:  'RefreshCw' is defined but never used               no-unused-vars
  Line 3:459:  'Leaf' is defined but never used                    no-unused-vars
  Line 3:465:  'Brain' is defined but never used                   no-unused-vars
  Line 3:472:  'Trophy' is defined but never used                  no-unused-vars
  Line 3:480:  'FileCheck' is defined but never used               no-unused-vars
  Line 3:491:  'Scale' is defined but never used                   no-unused-vars
  Line 3:498:  'ScrollText' is defined but never used              no-unused-vars
  Line 3:510:  'Check' is defined but never used                   no-unused-vars
  Line 3:526:  'UsersIcon' is defined but never used               no-unused-vars
  Line 4:10:   'useDetailFieldTemplate' is defined but never used  no-unused-vars
  Line 4:34:   'parseJsonField' is defined but never used          no-unused-vars
  Line 4:50:   'DetailJsonList' is defined but never used          no-unused-vars
  Line 4:66:   'ViewOnlyParentCard' is defined but never used      no-unused-vars
  Line 4:86:   'ParentMiniCard' is defined but never used          no-unused-vars
  Line 5:10:   'formatDate' is defined but never used              no-unused-vars
  Line 5:22:   'formatDateShort' is defined but never used         no-unused-vars
  Line 6:10:   'getCurrencySymbol' is defined but never used       no-unused-vars
  Line 6:29:   'getCountryFlag' is defined but never used          no-unused-vars
  Line 6:45:   'getCountryName' is defined but never used          no-unused-vars
  Line 7:10:   'getSpeciesLatinName' is defined but never used     no-unused-vars
  Line 7:31:   'litterAge' is defined but never used               no-unused-vars

src\components\AnimalDetail\ViewOnlyPrivateAnimalDetail.jsx
  Line 1:17:   'useState' is defined but never used                no-unused-vars
  Line 1:27:   'useEffect' is defined but never used               no-unused-vars
  Line 1:38:   'useCallback' is defined but never used             no-unused-vars
  Line 1:51:   'useRef' is defined but never used                  no-unused-vars
  Line 1:59:   'useMemo' is defined but never used                 no-unused-vars
  Line 2:8:    'axios' is defined but never used                   no-unused-vars
  Line 3:10:   'ArrowLeft' is defined but never used               no-unused-vars
  Line 3:21:   'X' is defined but never used                       no-unused-vars
  Line 3:24:   'QrCode' is defined but never used                  no-unused-vars
  Line 3:32:   'ChevronDown' is defined but never used             no-unused-vars
  Line 3:45:   'ChevronUp' is defined but never used               no-unused-vars
  Line 3:56:   'Mars' is defined but never used                    no-unused-vars
  Line 3:62:   'Venus' is defined but never used                   no-unused-vars
  Line 3:69:   'Cat' is defined but never used                     no-unused-vars
  Line 3:74:   'Users' is defined but never used                   no-unused-vars
  Line 3:81:   'Home' is defined but never used                    no-unused-vars
  Line 3:87:   'Tag' is defined but never used                     no-unused-vars
  Line 3:92:   'Loader2' is defined but never used                 no-unused-vars
  Line 3:101:  'Lock' is defined but never used                    no-unused-vars
  Line 3:107:  'TreeDeciduous' is defined but never used           no-unused-vars
  Line 3:122:  'Egg' is defined but never used                     no-unused-vars
  Line 3:127:  'Pill' is defined but never used                    no-unused-vars
  Line 3:133:  'Shield' is defined but never used                  no-unused-vars
  Line 3:141:  'Microscope' is defined but never used              no-unused-vars
  Line 3:153:  'Hospital' is defined but never used                no-unused-vars
  Line 3:163:  'Stethoscope' is defined but never used             no-unused-vars
  Line 3:176:  'UtensilsCrossed' is defined but never used         no-unused-vars
  Line 3:193:  'Droplets' is defined but never used                no-unused-vars
  Line 3:203:  'Thermometer' is defined but never used             no-unused-vars
  Line 3:216:  'Scissors' is defined but never used                no-unused-vars
  Line 3:226:  'MessageSquare' is defined but never used           no-unused-vars
  Line 3:241:  'Activity' is defined but never used                no-unused-vars
  Line 3:251:  'AlertTriangle' is defined but never used           no-unused-vars
  Line 3:266:  'FileText' is defined but never used                no-unused-vars
  Line 3:276:  'Feather' is defined but never used                 no-unused-vars
  Line 3:285:  'Medal' is defined but never used                   no-unused-vars
  Line 3:292:  'Target' is defined but never used                  no-unused-vars
  Line 3:300:  'Key' is defined but never used                     no-unused-vars
  Line 3:305:  'ClipboardList' is defined but never used           no-unused-vars
  Line 3:320:  'Ban' is defined but never used                     no-unused-vars
  Line 3:325:  'Images' is defined but never used                  no-unused-vars
  Line 3:333:  'Camera' is defined but never used                  no-unused-vars
  Line 3:341:  'Heart' is defined but never used                   no-unused-vars
  Line 3:348:  'Eye' is defined but never used                     no-unused-vars
  Line 3:353:  'EyeOff' is defined but never used                  no-unused-vars
  Line 3:361:  'Sparkles' is defined but never used                no-unused-vars
  Line 3:371:  'Dna' is defined but never used                     no-unused-vars
  Line 3:376:  'Ruler' is defined but never used                   no-unused-vars
  Line 3:383:  'Palette' is defined but never used                 no-unused-vars
  Line 3:392:  'Hash' is defined but never used                    no-unused-vars
  Line 3:398:  'FolderOpen' is defined but never used              no-unused-vars
  Line 3:410:  'Globe' is defined but never used                   no-unused-vars
  Line 3:417:  'Hourglass' is defined but never used               no-unused-vars
  Line 3:428:  'Bean' is defined but never used                    no-unused-vars
  Line 3:434:  'Milk' is defined but never used                    no-unused-vars
  Line 3:440:  'Sprout' is defined but never used                  no-unused-vars
  Line 3:448:  'RefreshCw' is defined but never used               no-unused-vars
  Line 3:459:  'Leaf' is defined but never used                    no-unused-vars
  Line 3:465:  'Brain' is defined but never used                   no-unused-vars
  Line 3:472:  'Trophy' is defined but never used                  no-unused-vars
  Line 3:480:  'FileCheck' is defined but never used               no-unused-vars
  Line 3:491:  'Scale' is defined but never used                   no-unused-vars
  Line 3:498:  'ScrollText' is defined but never used              no-unused-vars
  Line 3:510:  'Check' is defined but never used                   no-unused-vars
  Line 3:526:  'UsersIcon' is defined but never used               no-unused-vars
  Line 4:10:   'useDetailFieldTemplate' is defined but never used  no-unused-vars
  Line 4:34:   'parseJsonField' is defined but never used          no-unused-vars
  Line 4:50:   'DetailJsonList' is defined but never used          no-unused-vars
  Line 4:66:   'ViewOnlyParentCard' is defined but never used      no-unused-vars
  Line 4:86:   'ParentMiniCard' is defined but never used          no-unused-vars
  Line 5:10:   'formatDate' is defined but never used              no-unused-vars
  Line 5:22:   'formatDateShort' is defined but never used         no-unused-vars
  Line 6:10:   'getCurrencySymbol' is defined but never used       no-unused-vars
  Line 6:29:   'getCountryFlag' is defined but never used          no-unused-vars
  Line 6:45:   'getCountryName' is defined but never used          no-unused-vars
  Line 7:10:   'getSpeciesLatinName' is defined but never used     no-unused-vars
  Line 7:31:   'litterAge' is defined but never used               no-unused-vars

src\components\AnimalDetail\utils.js
  Line 1:51:   'useRef' is defined but never used               no-unused-vars
  Line 3:67:   'ChevronDown' is defined but never used          no-unused-vars
  Line 3:80:   'ChevronRight' is defined but never used         no-unused-vars
  Line 3:107:  'VenusAndMars' is defined but never used         no-unused-vars
  Line 3:121:  'Circle' is defined but never used               no-unused-vars
  Line 4:22:   'formatDateShort' is defined but never used      no-unused-vars
  Line 4:39:   'litterAge' is defined but never used            no-unused-vars
  Line 5:10:   'getCurrencySymbol' is defined but never used    no-unused-vars
  Line 5:29:   'getCountryFlag' is defined but never used       no-unused-vars
  Line 5:45:   'getCountryName' is defined but never used       no-unused-vars
  Line 6:10:   'getSpeciesLatinName' is defined but never used  no-unused-vars

src\components\AnimalForm\index.jsx
  Line 1:38:     'useCallback' is defined but never used                                                                                                                                                                                               no-unused-vars
  Line 1:59:     'useMemo' is defined but never used                                                                                                                                                                                                   no-unused-vars
  Line 4:43:     'ArrowLeft' is defined but never used                                                                                                                                                                                                 no-unused-vars
  Line 7:72:     'PlusCircle' is defined but never used                                                                                                                                                                                                no-unused-vars
  Line 8:16:     'RotateCcw' is defined but never used                                                                                                                                                                                                 no-unused-vars
  Line 8:34:     'Save' is defined but never used                                                                                                                                                                                                      no-unused-vars
  Line 9:58:     'Trash2' is defined but never used                                                                                                                                                                                                    no-unused-vars
  Line 10:46:    'Check' is defined but never used                                                                                                                                                                                                     no-unused-vars
  Line 10:53:    'Edit' is defined but never used                                                                                                                                                                                                      no-unused-vars
  Line 10:59:    'Heart' is defined but never used                                                                                                                                                                                                     no-unused-vars
  Line 10:66:    'ChevronUp' is defined but never used                                                                                                                                                                                                 no-unused-vars
  Line 11:5:     'ChevronLeft' is defined but never used                                                                                                                                                                                               no-unused-vars
  Line 11:18:    'Circle' is defined but never used                                                                                                                                                                                                    no-unused-vars
  Line 11:26:    'Hourglass' is defined but never used                                                                                                                                                                                                 no-unused-vars
  Line 11:37:    'Network' is defined but never used                                                                                                                                                                                                   no-unused-vars
  Line 11:46:    'Bean' is defined but never used                                                                                                                                                                                                      no-unused-vars
  Line 11:52:    'Milk' is defined but never used                                                                                                                                                                                                      no-unused-vars
  Line 11:58:    'VenusAndMars' is defined but never used                                                                                                                                                                                              no-unused-vars
  Line 11:72:    'BookOpen' is defined but never used                                                                                                                                                                                                  no-unused-vars
  Line 12:5:     'Calculator' is defined but never used                                                                                                                                                                                                no-unused-vars
  Line 12:17:    'Calendar' is defined but never used                                                                                                                                                                                                  no-unused-vars
  Line 12:27:    'CheckCircle' is defined but never used                                                                                                                                                                                               no-unused-vars
  Line 12:40:    'Dumbbell' is defined but never used                                                                                                                                                                                                  no-unused-vars
  Line 13:14:    'Wrench' is defined but never used                                                                                                                                                                                                    no-unused-vars
  Line 13:22:    'Utensils' is defined but never used                                                                                                                                                                                                  no-unused-vars
  Line 13:32:    'Package' is defined but never used                                                                                                                                                                                                   no-unused-vars
  Line 13:41:    'ScrollText' is defined but never used                                                                                                                                                                                                no-unused-vars
  Line 13:53:    'Link' is defined but never used                                                                                                                                                                                                      no-unused-vars
  Line 13:59:    'Unlink' is defined but never used                                                                                                                                                                                                    no-unused-vars
  Line 13:67:    'Baby' is defined but never used                                                                                                                                                                                                      no-unused-vars
  Line 13:73:    'Bell' is defined but never used                                                                                                                                                                                                      no-unused-vars
  Line 17:22:    'formatDateShort' is defined but never used                                                                                                                                                                                           no-unused-vars
  Line 822:8:    React Hook useEffect has a missing dependency: 'inline'. Either include it or remove the dependency array                                                                                                                             react-hooks/exhaustive-deps
  Line 854:11:   The 'downloadPDF' function makes the dependencies of useImperativeHandle Hook (at line 938) change on every render. To fix this, wrap the definition of 'downloadPDF' in its own useCallback() Hook                                   react-hooks/exhaustive-deps
  Line 891:11:   The 'downloadImage' function makes the dependencies of useImperativeHandle Hook (at line 938) change on every render. To fix this, wrap the definition of 'downloadImage' in its own useCallback() Hook                               react-hooks/exhaustive-deps
  Line 2528:12:  'loadingTemplate' is assigned a value but never used                                                                                                                                                                                  no-unused-vars
  Line 3162:37:  'setExpandedBreedingRecords' is assigned a value but never used                                                                                                                                                                       no-unused-vars
  Line 3325:12:  'pendingParentForRole' is assigned a value but never used                                                                                                                                                                             no-unused-vars
  Line 3413:8:   React Hook useEffect has missing dependencies: 'animalToEdit?.damId_public', 'animalToEdit?.fatherId_public', 'animalToEdit?.motherId_public', and 'animalToEdit?.sireId_public'. Either include them or remove the dependency array  react-hooks/exhaustive-deps
  Line 3536:11:  'clearParentSelection' is assigned a value but never used                                                                                                                                                                             no-unused-vars
  Line 3614:11:  'clearMateSelection' is assigned a value but never used                                                                                                                                                                               no-unused-vars
  Line 3658:8:   React Hook useEffect has missing dependencies: 'fetchAnimalSummary' and 'fetchBreederInfo'. Either include them or remove the dependency array                                                                                        react-hooks/exhaustive-deps
  Line 3703:8:   React Hook useEffect has a missing dependency: 'fetchAnimalSummary'. Either include it or remove the dependency array                                                                                                                 react-hooks/exhaustive-deps
  Line 3769:11:  'addBreedingRecord' is assigned a value but never used                                                                                                                                                                                no-unused-vars
  Line 4305:8:   React Hook useEffect has missing dependencies: 'fetchLittersForLinking' and 'formData.species'. Either include them or remove the dependency array                                                                                    react-hooks/exhaustive-deps
  Line 4359:8:   React Hook useEffect has missing dependencies: 'breedingRecordOffspring' and 'fetchOffspringForBreedingRecord'. Either include them or remove the dependency array                                                                    react-hooks/exhaustive-deps
  Line 4393:8:   React Hook useEffect has missing dependencies: 'API_BASE_URL', 'authToken', and 'breedingRecordLitters'. Either include them or remove the dependency array                                                                           react-hooks/exhaustive-deps
  Line 4440:8:   React Hook useEffect has missing dependencies: 'API_BASE_URL', 'authToken', and 'breedingRecordOffspring'. Either include them or remove the dependency array                                                                         react-hooks/exhaustive-deps
  Line 6012:37:  'heightRange' is assigned a value but never used                                                                                                                                                                                      no-unused-vars
  Line 8541:49:  Redundant alt attribute. Screen-readers already announce `img` tags as an image. You donΓÇÖt need to use the words `image`, `photo,` or `picture` (or any specified custom words) in the alt prop                                       jsx-a11y/img-redundant-alt

src\components\AnimalList\index.jsx
  Line 6:5:      'Ban' is defined but never used                                                                                                                                                                                                                                                                          no-unused-vars
  Line 7:47:     'Flag' is defined but never used                                                                                                                                                                                                                                                                         no-unused-vars
  Line 8:53:     'MapPin' is defined but never used                                                                                                                                                                                                                                                                       no-unused-vars
  Line 8:67:     'MessageSquare' is defined but never used                                                                                                                                                                                                                                                                no-unused-vars
  Line 33:7:     'formatTimeAgo' is assigned a value but never used                                                                                                                                                                                                                                                       no-unused-vars
  Line 52:7:     'getActionLabel' is assigned a value but never used                                                                                                                                                                                                                                                      no-unused-vars
  Line 70:7:     'getActionColor' is assigned a value but never used                                                                                                                                                                                                                                                      no-unused-vars
  Line 195:12:   'pendingFilters' is assigned a value but never used                                                                                                                                                                                                                                                      no-unused-vars
  Line 197:11:   'filterMountedRef' is assigned a value but never used                                                                                                                                                                                                                                                    no-unused-vars
  Line 222:12:   'archiveSoldCollapsed' is assigned a value but never used                                                                                                                                                                                                                                                no-unused-vars
  Line 222:34:   'setArchiveSoldCollapsed' is assigned a value but never used                                                                                                                                                                                                                                             no-unused-vars
  Line 223:12:   'archiveArchivedCollapsed' is assigned a value but never used                                                                                                                                                                                                                                            no-unused-vars
  Line 223:38:   'setArchiveArchivedCollapsed' is assigned a value but never used                                                                                                                                                                                                                                         no-unused-vars
  Line 303:8:    React Hook useCallback has missing dependencies: 'setArchiveLoading', 'setArchivedAnimals', and 'setSoldTransferredAnimals'. Either include them or remove the dependency array. Outer scope values like 'API_BASE_URL' aren't valid dependencies because mutating them doesn't re-render the component  react-hooks/exhaustive-deps
  Line 462:8:    React Hook useCallback has an unnecessary dependency: 'API_BASE_URL'. Either exclude it or remove the dependency array. Outer scope values like 'API_BASE_URL' aren't valid dependencies because mutating them doesn't re-render the component                                                           react-hooks/exhaustive-deps
  Line 474:8:    React Hook useCallback has an unnecessary dependency: 'API_BASE_URL'. Either exclude it or remove the dependency array. Outer scope values like 'API_BASE_URL' aren't valid dependencies because mutating them doesn't re-render the component                                                           react-hooks/exhaustive-deps
  Line 487:8:    React Hook useCallback has an unnecessary dependency: 'API_BASE_URL'. Either exclude it or remove the dependency array. Outer scope values like 'API_BASE_URL' aren't valid dependencies because mutating them doesn't re-render the component                                                           react-hooks/exhaustive-deps
  Line 534:8:    React Hook useEffect has a missing dependency: 'setAnimals'. Either include it or remove the dependency array                                                                                                                                                                                            react-hooks/exhaustive-deps
  Line 580:8:    React Hook useCallback has an unnecessary dependency: 'API_BASE_URL'. Either exclude it or remove the dependency array. Outer scope values like 'API_BASE_URL' aren't valid dependencies because mutating them doesn't re-render the component                                                           react-hooks/exhaustive-deps
  Line 614:8:    React Hook useCallback has an unnecessary dependency: 'API_BASE_URL'. Either exclude it or remove the dependency array. Outer scope values like 'API_BASE_URL' aren't valid dependencies because mutating them doesn't re-render the component                                                           react-hooks/exhaustive-deps
  Line 635:8:    React Hook useCallback has an unnecessary dependency: 'API_BASE_URL'. Either exclude it or remove the dependency array. Outer scope values like 'API_BASE_URL' aren't valid dependencies because mutating them doesn't re-render the component                                                           react-hooks/exhaustive-deps
  Line 655:8:    React Hook useEffect has an unnecessary dependency: 'API_BASE_URL'. Either exclude it or remove the dependency array. Outer scope values like 'API_BASE_URL' aren't valid dependencies because mutating them doesn't re-render the component                                                             react-hooks/exhaustive-deps
  Line 794:11:   'toggleSpecies' is assigned a value but never used                                                                                                                                                                                                                                                       no-unused-vars
  Line 2410:15:  'handleMarkMaintDone' is assigned a value but never used                                                                                                                                                                                                                                                 no-unused-vars
  Line 2478:15:  'soldList' is assigned a value but never used                                                                                                                                                                                                                                                            no-unused-vars

src\components\AnimalTree.jsx
  Line 19:32:  'formatAnimalAge' is defined but never used                                                                    no-unused-vars
  Line 19:49:  'createNodeData' is defined but never used                                                                     no-unused-vars
  Line 19:65:  'handleNodeSelection' is defined but never used                                                                no-unused-vars
  Line 266:8:  React Hook useEffect has a missing dependency: 'buildGraph'. Either include it or remove the dependency array  react-hooks/exhaustive-deps

src\components\Auth\AuthView.jsx
  Line 4:23:  'Bean' is defined but never used                                                                                                                                                                                                           no-unused-vars
  Line 4:29:  'Cat' is defined but never used                                                                                                                                                                                                            no-unused-vars
  Line 4:47:  'Eye' is defined but never used                                                                                                                                                                                                            no-unused-vars
  Line 4:52:  'EyeOff' is defined but never used                                                                                                                                                                                                         no-unused-vars
  Line 5:5:   'Heart' is defined but never used                                                                                                                                                                                                          no-unused-vars
  Line 5:12:  'HeartOff' is defined but never used                                                                                                                                                                                                       no-unused-vars
  Line 5:22:  'Hourglass' is defined but never used                                                                                                                                                                                                      no-unused-vars
  Line 5:55:  'Milk' is defined but never used                                                                                                                                                                                                           no-unused-vars
  Line 54:8:  React Hook useEffect has a missing dependency: 'setIsRegister'. Either include it or remove the dependency array. If 'setIsRegister' changes too often, find the parent component that defines it and wrap that definition in useCallback  react-hooks/exhaustive-deps

src\components\BudgetingTab.jsx
  Line 82:8:    React Hook useEffect has missing dependencies: 'fetchAnimals', 'fetchTransactions', and 'fetchUserProfile'. Either include them or remove the dependency array  react-hooks/exhaustive-deps
  Line 237:15:  'isNotifySeller' is assigned a value but never used                                                                                                             no-unused-vars

src\components\EnhancedAdminPanel.jsx
  Line 4:14:    'Save' is defined but never used                                                                                        no-unused-vars
  Line 4:20:    'Plus' is defined but never used                                                                                        no-unused-vars
  Line 4:26:    'Trash2' is defined but never used                                                                                      no-unused-vars
  Line 4:34:    'Edit' is defined but never used                                                                                        no-unused-vars
  Line 4:40:    'Eye' is defined but never used                                                                                         no-unused-vars
  Line 4:45:    'Search' is defined but never used                                                                                      no-unused-vars
  Line 4:53:    'Download' is defined but never used                                                                                    no-unused-vars
  Line 4:63:    'Upload' is defined but never used                                                                                      no-unused-vars
  Line 5:32:    'ChevronLeft' is defined but never used                                                                                 no-unused-vars
  Line 5:58:    'Clock' is defined but never used                                                                                       no-unused-vars
  Line 5:65:    'Flag' is defined but never used                                                                                        no-unused-vars
  Line 187:12:  'show2FA' is assigned a value but never used                                                                            no-unused-vars
  Line 203:12:  'loading' is assigned a value but never used                                                                            no-unused-vars
  Line 203:21:  'setLoading' is assigned a value but never used                                                                         no-unused-vars
  Line 222:8:   React Hook useEffect has a missing dependency: 'fetchDashboardStats'. Either include it or remove the dependency array  react-hooks/exhaustive-deps
  Line 334:11:  'handle2FASuccess' is assigned a value but never used                                                                   no-unused-vars
  Line 345:11:  'handle2FAClose' is assigned a value but never used                                                                     no-unused-vars

src\components\FamilyTree.jsx
  Line 161:24:  'getZoom' is assigned a value but never used                                                                                                    no-unused-vars
  Line 249:8:   React Hook useEffect has a missing dependency: 'buildGraph'. Either include it or remove the dependency array                                   react-hooks/exhaustive-deps
  Line 879:8:   React Hook useEffect has missing dependencies: 'buildGraph' and 'buildGraphWithHighlights'. Either include them or remove the dependency array  react-hooks/exhaustive-deps

src\components\GeneticCodeBuilder.jsx
  Line 2:10:  'ChevronDown' is defined but never used               no-unused-vars
  Line 2:23:  'ChevronUp' is defined but never used                 no-unused-vars
  Line 8:10:  'showAdvanced' is assigned a value but never used     no-unused-vars
  Line 8:24:  'setShowAdvanced' is assigned a value but never used  no-unused-vars

src\components\LitterManagement\index.jsx
  Line 1:38:     'useCallback' is defined but never used                                                                                                                                                          no-unused-vars
  Line 10:22:    'formatDateShort' is defined but never used                                                                                                                                                      no-unused-vars
  Line 75:16:    'compressImageFile' is defined but never used                                                                                                                                                    no-unused-vars
  Line 226:7:    'compressImageWithWorker' is assigned a value but never used                                                                                                                                     no-unused-vars
  Line 729:12:   'predictedCOI' is assigned a value but never used                                                                                                                                                no-unused-vars
  Line 730:12:   'calculatingCOI' is assigned a value but never used                                                                                                                                              no-unused-vars
  Line 730:28:   'setCalculatingCOI' is assigned a value but never used                                                                                                                                           no-unused-vars
  Line 745:12:   'myAnimalsLoaded' is assigned a value but never used                                                                                                                                             no-unused-vars
  Line 970:27:   'linkedMales' is assigned a value but never used                                                                                                                                                 no-unused-vars
  Line 971:27:   'linkedFemales' is assigned a value but never used                                                                                                                                               no-unused-vars
  Line 972:27:   'linkedUnknown' is assigned a value but never used                                                                                                                                               no-unused-vars
  Line 974:27:   'storedMales' is assigned a value but never used                                                                                                                                                 no-unused-vars
  Line 975:27:   'storedFemales' is assigned a value but never used                                                                                                                                               no-unused-vars
  Line 976:27:   'storedUnknown' is assigned a value but never used                                                                                                                                               no-unused-vars
  Line 1905:15:  'sire' is assigned a value but never used                                                                                                                                                        no-unused-vars
  Line 3561:61:  Redundant alt attribute. Screen-readers already announce `img` tags as an image. You donΓÇÖt need to use the words `image`, `photo,` or `picture` (or any specified custom words) in the alt prop  jsx-a11y/img-redundant-alt
  Line 4420:25:  Redundant alt attribute. Screen-readers already announce `img` tags as an image. You donΓÇÖt need to use the words `image`, `photo,` or `picture` (or any specified custom words) in the alt prop  jsx-a11y/img-redundant-alt

src\components\Marketplace.jsx
  Line 2:56:   'DollarSign' is defined but never used                                                                           no-unused-vars
  Line 2:75:   'Mail' is defined but never used                                                                                 no-unused-vars
  Line 166:8:  React Hook useEffect has a missing dependency: 'fetchAnimals'. Either include it or remove the dependency array  react-hooks/exhaustive-deps

src\components\Messages\MessagesView.jsx
  Line 26:8:  React Hook useEffect has a missing dependency: 'fetchConversations'. Either include it or remove the dependency array  react-hooks/exhaustive-deps
  Line 32:8:  React Hook useEffect has a missing dependency: 'fetchMessages'. Either include it or remove the dependency array       react-hooks/exhaustive-deps
  Line 43:8:  React Hook useEffect has a missing dependency: 'fetchMessages'. Either include it or remove the dependency array       react-hooks/exhaustive-deps

src\components\Modals\SpeciesModals.jsx
  Line 4:10:  'formatDate' is defined but never used  no-unused-vars

src\components\MouseGeneticsCalculator.jsx
  Line 1428:6:   React Hook React.useEffect has a missing dependency: 'createDefaultGenotype'. Either include it or remove the dependency array  react-hooks/exhaustive-deps
  Line 1438:18:  'allele1' is assigned a value but never used                                                                                    no-unused-vars
  Line 1438:27:  'allele2' is assigned a value but never used                                                                                    no-unused-vars

src\components\Notifications\Banners.jsx
  Line 1:38:    'useCallback' is defined but never used                                                                           no-unused-vars
  Line 4:33:    'Baby' is defined but never used                                                                                  no-unused-vars
  Line 4:39:    'Bell' is defined but never used                                                                                  no-unused-vars
  Line 5:35:    'Loader2' is defined but never used                                                                               no-unused-vars
  Line 5:44:    'PawPrint' is defined but never used                                                                              no-unused-vars
  Line 5:54:    'Shield' is defined but never used                                                                                no-unused-vars
  Line 5:72:    'XCircle' is defined but never used                                                                               no-unused-vars
  Line 7:10:    'formatDate' is defined but never used                                                                            no-unused-vars
  Line 9:7:     'API_BASE_URL' is assigned a value but never used                                                                 no-unused-vars
  Line 109:43:  React Hook useEffect has a missing dependency: 'fetchMessages'. Either include it or remove the dependency array  react-hooks/exhaustive-deps
  Line 722:12:  'pollVotes' is assigned a value but never used                                                                    no-unused-vars

src\components\Notifications\NotificationPanel.jsx
  Line 1:38:  'useCallback' is defined but never used                                                                                no-unused-vars
  Line 1:51:  'useRef' is defined but never used                                                                                     no-unused-vars
  Line 4:39:  'Bell' is defined but never used                                                                                       no-unused-vars
  Line 4:45:  'Check' is defined but never used                                                                                      no-unused-vars
  Line 4:65:  'ChevronDown' is defined but never used                                                                                no-unused-vars
  Line 4:78:  'ChevronUp' is defined but never used                                                                                  no-unused-vars
  Line 5:32:  'Sparkles' is defined but never used                                                                                   no-unused-vars
  Line 7:10:  'formatDate' is defined but never used                                                                                 no-unused-vars
  Line 9:7:   'API_BASE_URL' is assigned a value but never used                                                                      no-unused-vars
  Line 18:8:  React Hook useEffect has a missing dependency: 'fetchNotifications'. Either include it or remove the dependency array  react-hooks/exhaustive-deps

src\components\Notifications\NotificationsHub.jsx
  Line 1:38:  'useCallback' is defined but never used            no-unused-vars
  Line 4:20:  'Baby' is defined but never used                   no-unused-vars
  Line 4:45:  'ChevronDown' is defined but never used            no-unused-vars
  Line 4:58:  'ChevronUp' is defined but never used              no-unused-vars
  Line 5:27:  'Loader2' is defined but never used                no-unused-vars
  Line 5:51:  'PawPrint' is defined but never used               no-unused-vars
  Line 5:61:  'Shield' is defined but never used                 no-unused-vars
  Line 6:33:  'XCircle' is defined but never used                no-unused-vars
  Line 8:10:  'formatDate' is defined but never used             no-unused-vars
  Line 11:7:  'API_BASE_URL' is assigned a value but never used  no-unused-vars

src\components\Profile\ProfileEditForm.jsx
  Line 12:7:     'STATUS_OPTIONS' is assigned a value but never used                                                                                                                                                                                           no-unused-vars
  Line 16:7:     'getCountryFlag' is assigned a value but never used                                                                                                                                                                                           no-unused-vars
  Line 22:7:     'getCountryName' is assigned a value but never used                                                                                                                                                                                           no-unused-vars
  Line 51:7:     'getStateName' is assigned a value but never used                                                                                                                                                                                             no-unused-vars
  Line 58:7:     'getCurrencySymbol' is assigned a value but never used                                                                                                                                                                                        no-unused-vars
  Line 107:7:    'DonationBadge' is assigned a value but never used                                                                                                                                                                                            no-unused-vars
  Line 311:35:   'setShowGeneticCodePublic' is assigned a value but never used                                                                                                                                                                                 no-unused-vars
  Line 312:31:   'setShowRemarksPublic' is assigned a value but never used                                                                                                                                                                                     no-unused-vars
  Line 320:12:   'breederInfoOpen' is assigned a value but never used                                                                                                                                                                                          no-unused-vars
  Line 320:29:   'setBreederInfoOpen' is assigned a value but never used                                                                                                                                                                                       no-unused-vars
  Line 406:8:    React Hook useEffect has an unnecessary dependency: 'API_BASE_URL'. Either exclude it or remove the dependency array. Outer scope values like 'API_BASE_URL' aren't valid dependencies because mutating them doesn't re-render the component  react-hooks/exhaustive-deps
  Line 554:25:   'uploadData' is assigned a value but never used                                                                                                                                                                                               no-unused-vars
  Line 2752:31:  'isDuplicateOrMapped' is assigned a value but never used                                                                                                                                                                                      no-unused-vars

src\components\Profile\ProfileView.jsx
  Line 6:8:    'UserProfileCard' is defined but never used       no-unused-vars
  Line 18:12:  'copySuccess' is assigned a value but never used  no-unused-vars
  Line 24:11:  'handleShare' is assigned a value but never used  no-unused-vars

src\components\Profile\UserProfileCard.jsx
  Line 5:7:  'API_BASE_URL' is assigned a value but never used  no-unused-vars

src\components\PublicProfile\BreederDirectory.jsx
  Line 6:7:    'API_BASE_URL' is assigned a value but never used                                                                   no-unused-vars
  Line 129:8:  React Hook useEffect has a missing dependency: 'fetchData'. Either include it or remove the dependency array        react-hooks/exhaustive-deps
  Line 288:8:  React Hook useEffect has a missing dependency: 'setSearchParams'. Either include it or remove the dependency array  react-hooks/exhaustive-deps
  Line 293:8:  React Hook useEffect has a missing dependency: 'fetchBreeders'. Either include it or remove the dependency array    react-hooks/exhaustive-deps

src\components\PublicProfile\GlobalSearchBar.jsx
  Line 1:38:  'useRef' is defined but never used                 no-unused-vars
  Line 5:7:   'API_BASE_URL' is assigned a value but never used  no-unused-vars

src\components\PublicProfile\PublicProfileView.jsx
  Line 1:38:     'useCallback' is defined but never used                no-unused-vars
  Line 13:7:     'API_BASE_URL' is assigned a value but never used      no-unused-vars
  Line 177:7:    'AnimalImage' is assigned a value but never used       no-unused-vars
  Line 270:12:   'copySuccess' is assigned a value but never used       no-unused-vars
  Line 472:11:   'handleShare' is assigned a value but never used       no-unused-vars
  Line 1307:23:  'availableForSale' is assigned a value but never used  no-unused-vars
  Line 1308:23:  'availableForStud' is assigned a value but never used  no-unused-vars

src\components\ReportButton.jsx
  Line 14:12:  'currentUserId' is assigned a value but never used  no-unused-vars

src\components\admin\AnalyticsTab.jsx
  Line 8:5:   'LineChart' is defined but never used  no-unused-vars
  Line 8:16:  'Line' is defined but never used       no-unused-vars

src\components\admin\AnimalManagementPanel.jsx
  Line 3:13:   'Filter' is defined but never used                                                                             no-unused-vars
  Line 4:35:   'ExternalLink' is defined but never used                                                                       no-unused-vars
  Line 4:56:   'User' is defined but never used                                                                               no-unused-vars
  Line 5:16:   'FileText' is defined but never used                                                                           no-unused-vars
  Line 104:8:  React Hook useEffect has a missing dependency: 'fetchUsers'. Either include it or remove the dependency array  react-hooks/exhaustive-deps

src\components\admin\BackupManagementTab.jsx
  Line 29:8:  React Hook useEffect has a missing dependency: 'fetchBackups'. Either include it or remove the dependency array  react-hooks/exhaustive-deps

src\components\admin\BugReportsTab.jsx
  Line 4:21:  'Eye' is defined but never used                                                                                  no-unused-vars
  Line 4:26:  'MessageSquare' is defined but never used                                                                        no-unused-vars
  Line 4:41:  'ExternalLink' is defined but never used                                                                         no-unused-vars
  Line 4:55:  'ChevronDown' is defined but never used                                                                          no-unused-vars
  Line 59:8:  React Hook useEffect has a missing dependency: 'fetchReports'. Either include it or remove the dependency array  react-hooks/exhaustive-deps

src\components\admin\CommunicationTab.jsx
  Line 14:12:  'recipientType' is assigned a value but never used                                                                                                                           no-unused-vars
  Line 14:27:  'setRecipientType' is assigned a value but never used                                                                                                                        no-unused-vars
  Line 15:12:  'country' is assigned a value but never used                                                                                                                                 no-unused-vars
  Line 15:21:  'setCountry' is assigned a value but never used                                                                                                                              no-unused-vars
  Line 39:12:  'selectedPoll' is assigned a value but never used                                                                                                                            no-unused-vars
  Line 39:26:  'setSelectedPoll' is assigned a value but never used                                                                                                                         no-unused-vars
  Line 43:12:  'targetUserEmail' is assigned a value but never used                                                                                                                         no-unused-vars
  Line 60:8:   React Hook useEffect has missing dependencies: 'fetchBroadcastHistory', 'fetchModConversations', and 'fetchPollResults'. Either include them or remove the dependency array  react-hooks/exhaustive-deps
  Line 71:8:   React Hook useEffect has a missing dependency: 'fetchModConversationsQuiet'. Either include it or remove the dependency array                                                react-hooks/exhaustive-deps
  Line 82:8:   React Hook useEffect has a missing dependency: 'fetchConversationMessagesQuiet'. Either include it or remove the dependency array                                            react-hooks/exhaustive-deps

src\components\admin\FeedbackTab.jsx
  Line 3:5:   'MessageCircle' is defined but never used                                                                         no-unused-vars
  Line 5:5:   'ChevronDown' is defined but never used                                                                           no-unused-vars
  Line 5:18:  'Tag' is defined but never used                                                                                   no-unused-vars
  Line 63:8:  React Hook useEffect has a missing dependency: 'fetchFeedback'. Either include it or remove the dependency array  react-hooks/exhaustive-deps

src\components\admin\FieldTemplateManagement.jsx
  Line 4:27:  'CheckCircle' is defined but never used                                                                            no-unused-vars
  Line 50:8:  React Hook useEffect has a missing dependency: 'fetchTemplates'. Either include it or remove the dependency array  react-hooks/exhaustive-deps

src\components\admin\GeneticsBuilderTab.jsx
  Line 5:5:    'Eye' is defined but never used                                                                                                            no-unused-vars
  Line 5:10:   'EyeOff' is defined but never used                                                                                                         no-unused-vars
  Line 5:18:   'Copy' is defined but never used                                                                                                           no-unused-vars
  Line 5:42:   'Play' is defined but never used                                                                                                           no-unused-vars
  Line 5:48:   'Pause' is defined but never used                                                                                                          no-unused-vars
  Line 6:5:    'GripVertical' is defined but never used                                                                                                   no-unused-vars
  Line 26:12:  'isDraft' is assigned a value but never used                                                                                               no-unused-vars
  Line 125:8:  React Hook useEffect has missing dependencies: 'fetchGeneticsData' and 'fetchSpecies'. Either include them or remove the dependency array  react-hooks/exhaustive-deps
  Line 133:8:  React Hook useEffect has a missing dependency: 'fetchSpeciesGenetics'. Either include it or remove the dependency array                    react-hooks/exhaustive-deps

src\components\admin\ModChatTab.jsx
  Line 11:12:  'hasMore' is assigned a value but never used                                                                      no-unused-vars
  Line 18:8:   React Hook useEffect has a missing dependency: 'fetchMessages'. Either include it or remove the dependency array  react-hooks/exhaustive-deps
  Line 29:8:   React Hook useEffect has a missing dependency: 'fetchMessages'. Either include it or remove the dependency array  react-hooks/exhaustive-deps

src\components\admin\SpeciesManagementTab.jsx
  Line 53:8:  React Hook useEffect has a missing dependency: 'fetchSpecies'. Either include it or remove the dependency array  react-hooks/exhaustive-deps

src\components\admin\SystemSettingsTab.jsx
  Line 14:8:  React Hook useEffect has a missing dependency: 'fetchSettings'. Either include it or remove the dependency array  react-hooks/exhaustive-deps

src\components\moderation\AuditLogViewer.jsx
  Line 3:41:   'User' is defined but never used                                                                              no-unused-vars
  Line 3:47:   'Shield' is defined but never used                                                                            no-unused-vars
  Line 4:5:    'Activity' is defined but never used                                                                          no-unused-vars
  Line 13:7:   'formatDetails' is assigned a value but never used                                                            no-unused-vars
  Line 134:8:  React Hook useEffect has a missing dependency: 'fetchLogs'. Either include it or remove the dependency array  react-hooks/exhaustive-deps

src\components\moderation\ModActionModals.jsx
  Line 1:1:    Unexpected Unicode BOM (Byte Order Mark)                                                                              unicode-bom
  Line 317:8:  React Hook useEffect has a missing dependency: 'fetchWarningCount'. Either include it or remove the dependency array  react-hooks/exhaustive-deps
  Line 667:8:  React Hook useEffect has a missing dependency: 'fetchUserWarnings'. Either include it or remove the dependency array  react-hooks/exhaustive-deps

src\components\moderation\ModOversightPanel.jsx
  Line 1:1:     Unexpected Unicode BOM (Byte Order Mark)                                                                                                                         unicode-bom
  Line 150:15:  'breederName' is assigned a value but never used                                                                                                                 no-unused-vars
  Line 309:11:  'handleSort' is assigned a value but never used                                                                                                                  no-unused-vars
  Line 316:11:  'getSortIcon' is assigned a value but never used                                                                                                                 no-unused-vars
  Line 330:8:   React Hook useEffect has missing dependencies: 'fetchGlobalStats', 'fetchReports', and 'fetchWorkloadStats'. Either include them or remove the dependency array  react-hooks/exhaustive-deps
  Line 668:8:   React Hook useMemo has a missing dependency: 'getDateFilter'. Either include it or remove the dependency array                                                   react-hooks/exhaustive-deps

src\components\moderation\ModeratorActionSidebar.jsx
  Line 2:33:  'Eye' is defined but never used  no-unused-vars

src\components\moderation\UserManagementPanel.jsx
  Line 4:36:  'Calendar' is defined but never used  no-unused-vars

src\utils\errorHandler.js
  Line 131:1:  Assign object to a variable before exporting as module default  import/no-anonymous-default-export

src\utils\treeComponentUtils.js
  Line 138:9:   'levelHeight' is assigned a value but never used                no-unused-vars
  Line 139:9:   'hierarchyOffset' is assigned a value but never used            no-unused-vars
  Line 144:11:  'animalMap' is assigned a value but never used                  no-unused-vars
  Line 248:1:   Assign object to a variable before exporting as module default  import/no-anonymous-default-export

Search for the keywords to learn more about each warning.
To ignore, add // eslint-disable-next-line to the line before.

File sizes after gzip:

  837.11 kB  build\static\js\main.da066b9a.js
  48.88 kB   build\static\css\main.a54a1fd0.css
  43.46 kB   build\static\js\239.1a86df37.chunk.js
  8.67 kB    build\static\js\82.c66421ba.chunk.js

The bundle size is significantly larger than recommended.
Consider reducing it with code splitting: https://goo.gl/9VhYWB
You can also analyze the project dependencies: https://goo.gl/LeUzfb

The project was built assuming it is hosted at /.
You can control this with the homepage field in your package.json.

The build folder is ready to be deployed.
You may serve it with a static server:

  npm install -g serve
  serve -s build

Find out more about deployment here:

  https://cra.link/deployment

